// Jest Snapshot v1, https://goo.gl/fbAQLP

exports[`ProductGrid 1`] = `
<div
  className="columns is-multiline"
>
  <div
    className="column is-6"
  >
    <div
      className="card has-text-centered"
    >
      <div
        className="card-content"
        style={
          Object {
            "height": 100,
          }
        }
      >
        <p
          className="title"
        >
          <span
            style={
              Object {
                "fontSize": 35,
              }
            }
          >
            ( .-. )
          </span>
        </p>
      </div>
      <div
        className="card-footer"
        style={
          Object {
            "height": 50,
          }
        }
      >
        <p
          className="card-footer-item"
        >
          <span>
            comming soon
          </span>
        </p>
        <p
          className="card-footer-item"
        >
          <a>
            <span>
              $
              114.00
            </span>
          </a>
        </p>
      </div>
    </div>
  </div>
  <div
    className="column is-6"
  >
    <div
      className="card has-text-centered"
    >
      <div
        className="card-content"
        style={
          Object {
            "height": 100,
          }
        }
      >
        <p
          className="title"
        >
          <span
            style={
              Object {
                "fontSize": 15,
              }
            }
          >
            ( .o.)
          </span>
        </p>
      </div>
      <div
        className="card-footer"
        style={
          Object {
            "height": 50,
          }
        }
      >
        <p
          className="card-footer-item"
        >
          <span>
            comming soon
          </span>
        </p>
        <p
          className="card-footer-item"
        >
          <a>
            <span>
              $
              74.00
            </span>
          </a>
        </p>
      </div>
    </div>
  </div>
  <div
    className="column is-6"
  >
    <div
      className="card has-text-centered"
    >
      <div
        className="card-content"
        style={
          Object {
            "height": 100,
          }
        }
      >
        <p
          className="title"
        >
          <span
            style={
              Object {
                "fontSize": 25,
              }
            }
          >
            ( \`·´ )
          </span>
        </p>
      </div>
      <div
        className="card-footer"
        style={
          Object {
            "height": 50,
          }
        }
      >
        <p
          className="card-footer-item"
        >
          <span>
            yesterday
          </span>
        </p>
        <p
          className="card-footer-item"
        >
          <a>
            <span>
              $
              700.00
            </span>
          </a>
        </p>
      </div>
    </div>
  </div>
  <div
    className="column is-6"
  >
    <div
      className="card has-text-centered"
    >
      <div
        className="card-content"
        style={
          Object {
            "height": 100,
          }
        }
      >
        <p
          className="title"
        >
          <span
            style={
              Object {
                "fontSize": 18,
              }
            }
          >
            ( ° ͜ ʖ °)
          </span>
        </p>
      </div>
      <div
        className="card-footer"
        style={
          Object {
            "height": 50,
          }
        }
      >
        <p
          className="card-footer-item"
        >
          <span>
            2 days ago
          </span>
        </p>
        <p
          className="card-footer-item"
        >
          <a>
            <span>
              $
              950.00
            </span>
          </a>
        </p>
      </div>
    </div>
  </div>
  <div
    className="column is-6"
  >
    <div
      className="card has-text-centered"
    >
      <div
        className="card-content"
        style={
          Object {
            "height": 100,
          }
        }
      >
        <p
          className="title"
        >
          <span
            style={
              Object {
                "fontSize": 35,
              }
            }
          >
            ( ͡° ͜ʖ ͡°)
          </span>
        </p>
      </div>
      <div
        className="card-footer"
        style={
          Object {
            "height": 50,
          }
        }
      >
        <p
          className="card-footer-item"
        >
          <span>
            2 days ago
          </span>
        </p>
        <p
          className="card-footer-item"
        >
          <a>
            <span>
              $
              464.00
            </span>
          </a>
        </p>
      </div>
    </div>
  </div>
  <div
    className="column is-6"
  >
    <div
      className="card has-text-centered"
    >
      <div
        className="card-content"
        style={
          Object {
            "height": 100,
          }
        }
      >
        <p
          className="title"
        >
          <span
            style={
              Object {
                "fontSize": 28,
              }
            }
          >
            ( ⚆ _ ⚆ )
          </span>
        </p>
      </div>
      <div
        className="card-footer"
        style={
          Object {
            "height": 50,
          }
        }
      >
        <p
          className="card-footer-item"
        >
          <span>
            comming soon
          </span>
        </p>
        <p
          className="card-footer-item"
        >
          <a>
            <span>
              $
              917.00
            </span>
          </a>
        </p>
      </div>
    </div>
  </div>
  <div
    className="column is-6"
  >
    <div
      className="card has-text-centered"
    >
      <div
        className="card-content"
        style={
          Object {
            "height": 100,
          }
        }
      >
        <p
          className="title"
        >
          <span
            style={
              Object {
                "fontSize": 16,
              }
            }
          >
            ( ︶︿︶)
          </span>
        </p>
      </div>
      <div
        className="card-footer"
        style={
          Object {
            "height": 50,
          }
        }
      >
        <p
          className="card-footer-item"
        >
          <span>
            comming soon
          </span>
        </p>
        <p
          className="card-footer-item"
        >
          <a>
            <span>
              $
              205.00
            </span>
          </a>
        </p>
      </div>
    </div>
  </div>
  <div
    className="column is-6"
  >
    <div
      className="card has-text-centered"
    >
      <div
        className="card-content"
        style={
          Object {
            "height": 100,
          }
        }
      >
        <p
          className="title"
        >
          <span
            style={
              Object {
                "fontSize": 37,
              }
            }
          >
            ( ﾟヮﾟ)
          </span>
        </p>
      </div>
      <div
        className="card-footer"
        style={
          Object {
            "height": 50,
          }
        }
      >
        <p
          className="card-footer-item"
        >
          <span>
            5 days ago
          </span>
        </p>
        <p
          className="card-footer-item"
        >
          <a>
            <span>
              $
              711.00
            </span>
          </a>
        </p>
      </div>
    </div>
  </div>
  <div
    className="column is-6"
  >
    <div
      className="card has-text-centered"
    >
      <div
        className="card-content"
        style={
          Object {
            "height": 100,
          }
        }
      >
        <p
          className="title"
        >
          <span
            style={
              Object {
                "fontSize": 17,
              }
            }
          >
            (\\/)(°,,,°)(\\/)
          </span>
        </p>
      </div>
      <div
        className="card-footer"
        style={
          Object {
            "height": 50,
          }
        }
      >
        <p
          className="card-footer-item"
        >
          <span>
            comming soon
          </span>
        </p>
        <p
          className="card-footer-item"
        >
          <a>
            <span>
              $
              17.00
            </span>
          </a>
        </p>
      </div>
    </div>
  </div>
  <div
    className="column is-6"
  >
    <div
      className="card has-text-centered"
    >
      <div
        className="card-content"
        style={
          Object {
            "height": 100,
          }
        }
      >
        <p
          className="title"
        >
          <span
            style={
              Object {
                "fontSize": 25,
              }
            }
          >
            (¬_¬)
          </span>
        </p>
      </div>
      <div
        className="card-footer"
        style={
          Object {
            "height": 50,
          }
        }
      >
        <p
          className="card-footer-item"
        >
          <span>
            6 days ago
          </span>
        </p>
        <p
          className="card-footer-item"
        >
          <a>
            <span>
              $
              623.00
            </span>
          </a>
        </p>
      </div>
    </div>
  </div>
</div>
`;
