// Jest Snapshot v1, https://goo.gl/fbAQLP

exports[`ProductGrid 1`] = `
Array [
  <div>
    <p
      style={
        Object {
          "fontSize": 35,
        }
      }
    >
      ( .-. )
    </p>
    <p>
      Size: 
      35
    </p>
    <p>
      $
      114.00
    </p>
    <p>
      comming soon
    </p>
  </div>,
  <div>
    <p
      style={
        Object {
          "fontSize": 15,
        }
      }
    >
      ( .o.)
    </p>
    <p>
      Size: 
      15
    </p>
    <p>
      $
      74.00
    </p>
    <p>
      comming soon
    </p>
  </div>,
  <div>
    <p
      style={
        Object {
          "fontSize": 25,
        }
      }
    >
      ( \`·´ )
    </p>
    <p>
      Size: 
      25
    </p>
    <p>
      $
      700.00
    </p>
    <p>
      yesterday
    </p>
  </div>,
  <div>
    <p
      style={
        Object {
          "fontSize": 18,
        }
      }
    >
      ( ° ͜ ʖ °)
    </p>
    <p>
      Size: 
      18
    </p>
    <p>
      $
      950.00
    </p>
    <p>
      2 days ago
    </p>
  </div>,
  <div>
    <p
      style={
        Object {
          "fontSize": 35,
        }
      }
    >
      ( ͡° ͜ʖ ͡°)
    </p>
    <p>
      Size: 
      35
    </p>
    <p>
      $
      464.00
    </p>
    <p>
      2 days ago
    </p>
  </div>,
  <div>
    <p
      style={
        Object {
          "fontSize": 28,
        }
      }
    >
      ( ⚆ _ ⚆ )
    </p>
    <p>
      Size: 
      28
    </p>
    <p>
      $
      917.00
    </p>
    <p>
      comming soon
    </p>
  </div>,
  <div>
    <p
      style={
        Object {
          "fontSize": 16,
        }
      }
    >
      ( ︶︿︶)
    </p>
    <p>
      Size: 
      16
    </p>
    <p>
      $
      205.00
    </p>
    <p>
      comming soon
    </p>
  </div>,
  <div>
    <p
      style={
        Object {
          "fontSize": 37,
        }
      }
    >
      ( ﾟヮﾟ)
    </p>
    <p>
      Size: 
      37
    </p>
    <p>
      $
      711.00
    </p>
    <p>
      5 days ago
    </p>
  </div>,
  <div>
    <p
      style={
        Object {
          "fontSize": 17,
        }
      }
    >
      (\\/)(°,,,°)(\\/)
    </p>
    <p>
      Size: 
      17
    </p>
    <p>
      $
      17.00
    </p>
    <p>
      comming soon
    </p>
  </div>,
  <div>
    <p
      style={
        Object {
          "fontSize": 25,
        }
      }
    >
      (¬_¬)
    </p>
    <p>
      Size: 
      25
    </p>
    <p>
      $
      623.00
    </p>
    <p>
      6 days ago
    </p>
  </div>,
]
`;
